#-----------------------------------------------------------
# Webtalk v2017.3 (64-bit)
# SW Build 2018833 on Wed Oct  4 19:58:22 MDT 2017
# IP Build 2016188 on Wed Oct  4 21:52:56 MDT 2017
# Start of session at: Thu Jul 23 20:48:41 2020
# Process ID: 12584
# Current directory: E:/Facultad/Arquitectura de Computadoras/Practicos Vivado/tp_final_pipeline_monociclo/tp_final_pipeline_monociclo.sim/sim_1/behav/xsim
# Command line: wbtcv.exe -mode batch -source E:/Facultad/Arquitectura de Computadoras/Practicos Vivado/tp_final_pipeline_monociclo/tp_final_pipeline_monociclo.sim/sim_1/behav/xsim/xsim.dir/test_pipeline_monociclo_behav/webtalk/xsim_webtalk.tcl -notrace
# Log file: E:/Facultad/Arquitectura de Computadoras/Practicos Vivado/tp_final_pipeline_monociclo/tp_final_pipeline_monociclo.sim/sim_1/behav/xsim/webtalk.log
# Journal file: E:/Facultad/Arquitectura de Computadoras/Practicos Vivado/tp_final_pipeline_monociclo/tp_final_pipeline_monociclo.sim/sim_1/behav/xsim\webtalk.jou
#-----------------------------------------------------------
source E:/Facultad/Arquitectura -notrace
